src/features/auth/components/user-register-form.tsx(45,22): error TS2769: No overload matches this call.
  Overload 1 of 2, '(params?: string | { error?: string | $ZodErrorMap<$ZodIssueInvalidType<unknown>> | undefined; message?: string | undefined; } | undefined): ZodString', gave the following error.
    Object literal may only specify known properties, and 'required_error' does not exist in type '{ error?: string | $ZodErrorMap<$ZodIssueInvalidType<unknown>> | undefined; message?: string | undefined; }'.
  Overload 2 of 2, '(params?: string | { error?: string | $ZodErrorMap<$ZodIssueInvalidType<unknown>> | undefined; message?: string | undefined; } | undefined): $ZodType<...>', gave the following error.
    Object literal may only specify known properties, and 'required_error' does not exist in type '{ error?: string | $ZodErrorMap<$ZodIssueInvalidType<unknown>> | undefined; message?: string | undefined; }'.
src/features/auth/components/user-register-form.tsx(46,24): error TS2769: No overload matches this call.
  Overload 1 of 2, '(params?: string | { error?: string | $ZodErrorMap<$ZodIssueInvalidType<unknown>> | undefined; message?: string | undefined; } | undefined): ZodString', gave the following error.
    Object literal may only specify known properties, and 'required_error' does not exist in type '{ error?: string | $ZodErrorMap<$ZodIssueInvalidType<unknown>> | undefined; message?: string | undefined; }'.
  Overload 2 of 2, '(params?: string | { error?: string | $ZodErrorMap<$ZodIssueInvalidType<unknown>> | undefined; message?: string | undefined; } | undefined): $ZodType<...>', gave the following error.
    Object literal may only specify known properties, and 'required_error' does not exist in type '{ error?: string | $ZodErrorMap<$ZodIssueInvalidType<unknown>> | undefined; message?: string | undefined; }'.
src/features/dashboard/components/recent-activity.tsx(27,42): error TS7006: Parameter 'activity' implicitly has an 'any' type.
src/features/mdl/components/mdl-form-modal.tsx(79,9): error TS2719: Type 'import("C:/Users/Asus/Desktop/kerja-dps/system-tracking/dpsa-tracking-next/node_modules/react-hook-form/dist/types/resolvers").Resolver<{ kategori_mdl: string; nama_barang: string; sub_kategori?: string | undefined; lokasi_ruangan?: string | undefined; kode_barang?: string | undefined; spesifikasi_dan_material?: str...' is not assignable to type 'import("C:/Users/Asus/Desktop/kerja-dps/system-tracking/dpsa-tracking-next/node_modules/react-hook-form/dist/types/resolvers").Resolver<{ kategori_mdl: string; nama_barang: string; sub_kategori?: string | undefined; lokasi_ruangan?: string | undefined; kode_barang?: string | undefined; spesifikasi_dan_material?: str...'. Two different types with this name exist, but they are unrelated.
  Types of parameters 'options' and 'options' are incompatible.
    Type 'import("C:/Users/Asus/Desktop/kerja-dps/system-tracking/dpsa-tracking-next/node_modules/react-hook-form/dist/types/resolvers").ResolverOptions<{ kategori_mdl: string; nama_barang: string; sub_kategori?: string | undefined; lokasi_ruangan?: string | undefined; kode_barang?: string | undefined; spesifikasi_dan_materia...' is not assignable to type 'import("C:/Users/Asus/Desktop/kerja-dps/system-tracking/dpsa-tracking-next/node_modules/react-hook-form/dist/types/resolvers").ResolverOptions<{ kategori_mdl: string; nama_barang: string; sub_kategori?: string | undefined; lokasi_ruangan?: string | undefined; kode_barang?: string | undefined; spesifikasi_dan_materia...'. Two different types with this name exist, but they are unrelated.
      Type 'unknown' is not assignable to type 'number | undefined'.
src/features/mdl/components/mdl-form-modal.tsx(182,55): error TS2345: Argument of type '(values: { kategori_mdl: string; nama_barang: string; sub_kategori?: string | undefined; lokasi_ruangan?: string | undefined; kode_barang?: string | undefined; spesifikasi_dan_material?: string | undefined; ... 10 more ...; link_gambar_kerja?: string | undefined; }) => Promise<...>' is not assignable to parameter of type 'SubmitHandler<TFieldValues>'.
  Types of parameters 'values' and 'data' are incompatible.
    Type 'TFieldValues' is not assignable to type '{ kategori_mdl: string; nama_barang: string; sub_kategori?: string | undefined; lokasi_ruangan?: string | undefined; kode_barang?: string | undefined; spesifikasi_dan_material?: string | undefined; ... 10 more ...; link_gambar_kerja?: string | undefined; }'.
      Type 'FieldValues' is missing the following properties from type '{ kategori_mdl: string; nama_barang: string; sub_kategori?: string | undefined; lokasi_ruangan?: string | undefined; kode_barang?: string | undefined; spesifikasi_dan_material?: string | undefined; ... 10 more ...; link_gambar_kerja?: string | undefined; }': kategori_mdl, nama_barang
src/features/mdl/components/mdl-form-modal.tsx(194,41): error TS2322: Type 'Control<{ kategori_mdl: string; nama_barang: string; sub_kategori?: string | undefined; lokasi_ruangan?: string | undefined; kode_barang?: string | undefined; spesifikasi_dan_material?: string | undefined; ... 10 more ...; link_gambar_kerja?: string | undefined; }, any, TFieldValues>' is not assignable to type 'Control<{ kategori_mdl: string; nama_barang: string; sub_kategori?: string | undefined; lokasi_ruangan?: string | undefined; kode_barang?: string | undefined; spesifikasi_dan_material?: string | undefined; ... 10 more ...; link_gambar_kerja?: string | undefined; }, any, { ...; }>'.
  The types of '_options.resolver' are incompatible between these types.
    Type 'Resolver<{ kategori_mdl: string; nama_barang: string; sub_kategori?: string | undefined; lokasi_ruangan?: string | undefined; kode_barang?: string | undefined; spesifikasi_dan_material?: string | undefined; ... 10 more ...; link_gambar_kerja?: string | undefined; }, any, TFieldValues> | undefined' is not assignable to type 'Resolver<{ kategori_mdl: string; nama_barang: string; sub_kategori?: string | undefined; lokasi_ruangan?: string | undefined; kode_barang?: string | undefined; spesifikasi_dan_material?: string | undefined; ... 10 more ...; link_gambar_kerja?: string | undefined; }, any, { ...; }> | undefined'.
      Type 'Resolver<{ kategori_mdl: string; nama_barang: string; sub_kategori?: string | undefined; lokasi_ruangan?: string | undefined; kode_barang?: string | undefined; spesifikasi_dan_material?: string | undefined; ... 10 more ...; link_gambar_kerja?: string | undefined; }, any, TFieldValues>' is not assignable to type 'Resolver<{ kategori_mdl: string; nama_barang: string; sub_kategori?: string | undefined; lokasi_ruangan?: string | undefined; kode_barang?: string | undefined; spesifikasi_dan_material?: string | undefined; ... 10 more ...; link_gambar_kerja?: string | undefined; }, any, { ...; }>'.
        Type 'ResolverResult<{ kategori_mdl: string; nama_barang: string; sub_kategori?: string | undefined; lokasi_ruangan?: string | undefined; kode_barang?: string | undefined; spesifikasi_dan_material?: string | undefined; ... 10 more ...; link_gambar_kerja?: string | undefined; }, TFieldValues> | Promise<...>' is not assignable to type 'ResolverResult<{ kategori_mdl: string; nama_barang: string; sub_kategori?: string | undefined; lokasi_ruangan?: string | undefined; kode_barang?: string | undefined; spesifikasi_dan_material?: string | undefined; ... 10 more ...; link_gambar_kerja?: string | undefined; }, { ...; }> | Promise<...>'.
          Type 'ResolverSuccess<TFieldValues>' is not assignable to type 'ResolverResult<{ kategori_mdl: string; nama_barang: string; sub_kategori?: string | undefined; lokasi_ruangan?: string | undefined; kode_barang?: string | undefined; spesifikasi_dan_material?: string | undefined; ... 10 more ...; link_gambar_kerja?: string | undefined; }, { ...; }> | Promise<...>'.
            Type 'ResolverSuccess<TFieldValues>' is not assignable to type 'ResolverSuccess<{ kategori_mdl: string; nama_barang: string; sub_kategori?: string | undefined; lokasi_ruangan?: string | undefined; kode_barang?: string | undefined; spesifikasi_dan_material?: string | undefined; ... 10 more ...; link_gambar_kerja?: string | undefined; }>'.
              Type 'TFieldValues' is not assignable to type '{ kategori_mdl: string; nama_barang: string; sub_kategori?: string | undefined; lokasi_ruangan?: string | undefined; kode_barang?: string | undefined; spesifikasi_dan_material?: string | undefined; ... 10 more ...; link_gambar_kerja?: string | undefined; }'.
                Type 'FieldValues' is missing the following properties from type '{ kategori_mdl: string; nama_barang: string; sub_kategori?: string | undefined; lokasi_ruangan?: string | undefined; kode_barang?: string | undefined; spesifikasi_dan_material?: string | undefined; ... 10 more ...; link_gambar_kerja?: string | undefined; }': kategori_mdl, nama_barang
src/features/mdl/components/mdl-form-modal.tsx(216,41): error TS2322: Type 'Control<{ kategori_mdl: string; nama_barang: string; sub_kategori?: string | undefined; lokasi_ruangan?: string | undefined; kode_barang?: string | undefined; spesifikasi_dan_material?: string | undefined; ... 10 more ...; link_gambar_kerja?: string | undefined; }, any, TFieldValues>' is not assignable to type 'Control<{ kategori_mdl: string; nama_barang: string; sub_kategori?: string | undefined; lokasi_ruangan?: string | undefined; kode_barang?: string | undefined; spesifikasi_dan_material?: string | undefined; ... 10 more ...; link_gambar_kerja?: string | undefined; }, any, { ...; }>'.
  The types of '_options.resolver' are incompatible between these types.
    Type 'Resolver<{ kategori_mdl: string; nama_barang: string; sub_kategori?: string | undefined; lokasi_ruangan?: string | undefined; kode_barang?: string | undefined; spesifikasi_dan_material?: string | undefined; ... 10 more ...; link_gambar_kerja?: string | undefined; }, any, TFieldValues> | undefined' is not assignable to type 'Resolver<{ kategori_mdl: string; nama_barang: string; sub_kategori?: string | undefined; lokasi_ruangan?: string | undefined; kode_barang?: string | undefined; spesifikasi_dan_material?: string | undefined; ... 10 more ...; link_gambar_kerja?: string | undefined; }, any, { ...; }> | undefined'.
      Type 'Resolver<{ kategori_mdl: string; nama_barang: string; sub_kategori?: string | undefined; lokasi_ruangan?: string | undefined; kode_barang?: string | undefined; spesifikasi_dan_material?: string | undefined; ... 10 more ...; link_gambar_kerja?: string | undefined; }, any, TFieldValues>' is not assignable to type 'Resolver<{ kategori_mdl: string; nama_barang: string; sub_kategori?: string | undefined; lokasi_ruangan?: string | undefined; kode_barang?: string | undefined; spesifikasi_dan_material?: string | undefined; ... 10 more ...; link_gambar_kerja?: string | undefined; }, any, { ...; }>'.
        Type 'ResolverResult<{ kategori_mdl: string; nama_barang: string; sub_kategori?: string | undefined; lokasi_ruangan?: string | undefined; kode_barang?: string | undefined; spesifikasi_dan_material?: string | undefined; ... 10 more ...; link_gambar_kerja?: string | undefined; }, TFieldValues> | Promise<...>' is not assignable to type 'ResolverResult<{ kategori_mdl: string; nama_barang: string; sub_kategori?: string | undefined; lokasi_ruangan?: string | undefined; kode_barang?: string | undefined; spesifikasi_dan_material?: string | undefined; ... 10 more ...; link_gambar_kerja?: string | undefined; }, { ...; }> | Promise<...>'.
          Type 'ResolverSuccess<TFieldValues>' is not assignable to type 'ResolverResult<{ kategori_mdl: string; nama_barang: string; sub_kategori?: string | undefined; lokasi_ruangan?: string | undefined; kode_barang?: string | undefined; spesifikasi_dan_material?: string | undefined; ... 10 more ...; link_gambar_kerja?: string | undefined; }, { ...; }> | Promise<...>'.
            Type 'ResolverSuccess<TFieldValues>' is not assignable to type 'ResolverSuccess<{ kategori_mdl: string; nama_barang: string; sub_kategori?: string | undefined; lokasi_ruangan?: string | undefined; kode_barang?: string | undefined; spesifikasi_dan_material?: string | undefined; ... 10 more ...; link_gambar_kerja?: string | undefined; }>'.
              Type 'TFieldValues' is not assignable to type '{ kategori_mdl: string; nama_barang: string; sub_kategori?: string | undefined; lokasi_ruangan?: string | undefined; kode_barang?: string | undefined; spesifikasi_dan_material?: string | undefined; ... 10 more ...; link_gambar_kerja?: string | undefined; }'.
                Type 'FieldValues' is missing the following properties from type '{ kategori_mdl: string; nama_barang: string; sub_kategori?: string | undefined; lokasi_ruangan?: string | undefined; kode_barang?: string | undefined; spesifikasi_dan_material?: string | undefined; ... 10 more ...; link_gambar_kerja?: string | undefined; }': kategori_mdl, nama_barang
src/features/mdl/components/mdl-form-modal.tsx(231,37): error TS2322: Type 'Control<{ kategori_mdl: string; nama_barang: string; sub_kategori?: string | undefined; lokasi_ruangan?: string | undefined; kode_barang?: string | undefined; spesifikasi_dan_material?: string | undefined; ... 10 more ...; link_gambar_kerja?: string | undefined; }, any, TFieldValues>' is not assignable to type 'Control<{ kategori_mdl: string; nama_barang: string; sub_kategori?: string | undefined; lokasi_ruangan?: string | undefined; kode_barang?: string | undefined; spesifikasi_dan_material?: string | undefined; ... 10 more ...; link_gambar_kerja?: string | undefined; }, any, { ...; }>'.
  The types of '_options.resolver' are incompatible between these types.
    Type 'Resolver<{ kategori_mdl: string; nama_barang: string; sub_kategori?: string | undefined; lokasi_ruangan?: string | undefined; kode_barang?: string | undefined; spesifikasi_dan_material?: string | undefined; ... 10 more ...; link_gambar_kerja?: string | undefined; }, any, TFieldValues> | undefined' is not assignable to type 'Resolver<{ kategori_mdl: string; nama_barang: string; sub_kategori?: string | undefined; lokasi_ruangan?: string | undefined; kode_barang?: string | undefined; spesifikasi_dan_material?: string | undefined; ... 10 more ...; link_gambar_kerja?: string | undefined; }, any, { ...; }> | undefined'.
      Type 'Resolver<{ kategori_mdl: string; nama_barang: string; sub_kategori?: string | undefined; lokasi_ruangan?: string | undefined; kode_barang?: string | undefined; spesifikasi_dan_material?: string | undefined; ... 10 more ...; link_gambar_kerja?: string | undefined; }, any, TFieldValues>' is not assignable to type 'Resolver<{ kategori_mdl: string; nama_barang: string; sub_kategori?: string | undefined; lokasi_ruangan?: string | undefined; kode_barang?: string | undefined; spesifikasi_dan_material?: string | undefined; ... 10 more ...; link_gambar_kerja?: string | undefined; }, any, { ...; }>'.
        Type 'ResolverResult<{ kategori_mdl: string; nama_barang: string; sub_kategori?: string | undefined; lokasi_ruangan?: string | undefined; kode_barang?: string | undefined; spesifikasi_dan_material?: string | undefined; ... 10 more ...; link_gambar_kerja?: string | undefined; }, TFieldValues> | Promise<...>' is not assignable to type 'ResolverResult<{ kategori_mdl: string; nama_barang: string; sub_kategori?: string | undefined; lokasi_ruangan?: string | undefined; kode_barang?: string | undefined; spesifikasi_dan_material?: string | undefined; ... 10 more ...; link_gambar_kerja?: string | undefined; }, { ...; }> | Promise<...>'.
          Type 'ResolverSuccess<TFieldValues>' is not assignable to type 'ResolverResult<{ kategori_mdl: string; nama_barang: string; sub_kategori?: string | undefined; lokasi_ruangan?: string | undefined; kode_barang?: string | undefined; spesifikasi_dan_material?: string | undefined; ... 10 more ...; link_gambar_kerja?: string | undefined; }, { ...; }> | Promise<...>'.
            Type 'ResolverSuccess<TFieldValues>' is not assignable to type 'ResolverSuccess<{ kategori_mdl: string; nama_barang: string; sub_kategori?: string | undefined; lokasi_ruangan?: string | undefined; kode_barang?: string | undefined; spesifikasi_dan_material?: string | undefined; ... 10 more ...; link_gambar_kerja?: string | undefined; }>'.
              Type 'TFieldValues' is not assignable to type '{ kategori_mdl: string; nama_barang: string; sub_kategori?: string | undefined; lokasi_ruangan?: string | undefined; kode_barang?: string | undefined; spesifikasi_dan_material?: string | undefined; ... 10 more ...; link_gambar_kerja?: string | undefined; }'.
                Type 'FieldValues' is missing the following properties from type '{ kategori_mdl: string; nama_barang: string; sub_kategori?: string | undefined; lokasi_ruangan?: string | undefined; kode_barang?: string | undefined; spesifikasi_dan_material?: string | undefined; ... 10 more ...; link_gambar_kerja?: string | undefined; }': kategori_mdl, nama_barang
src/features/mdl/components/mdl-form-modal.tsx(246,41): error TS2322: Type 'Control<{ kategori_mdl: string; nama_barang: string; sub_kategori?: string | undefined; lokasi_ruangan?: string | undefined; kode_barang?: string | undefined; spesifikasi_dan_material?: string | undefined; ... 10 more ...; link_gambar_kerja?: string | undefined; }, any, TFieldValues>' is not assignable to type 'Control<{ kategori_mdl: string; nama_barang: string; sub_kategori?: string | undefined; lokasi_ruangan?: string | undefined; kode_barang?: string | undefined; spesifikasi_dan_material?: string | undefined; ... 10 more ...; link_gambar_kerja?: string | undefined; }, any, { ...; }>'.
  The types of '_options.resolver' are incompatible between these types.
    Type 'Resolver<{ kategori_mdl: string; nama_barang: string; sub_kategori?: string | undefined; lokasi_ruangan?: string | undefined; kode_barang?: string | undefined; spesifikasi_dan_material?: string | undefined; ... 10 more ...; link_gambar_kerja?: string | undefined; }, any, TFieldValues> | undefined' is not assignable to type 'Resolver<{ kategori_mdl: string; nama_barang: string; sub_kategori?: string | undefined; lokasi_ruangan?: string | undefined; kode_barang?: string | undefined; spesifikasi_dan_material?: string | undefined; ... 10 more ...; link_gambar_kerja?: string | undefined; }, any, { ...; }> | undefined'.
      Type 'Resolver<{ kategori_mdl: string; nama_barang: string; sub_kategori?: string | undefined; lokasi_ruangan?: string | undefined; kode_barang?: string | undefined; spesifikasi_dan_material?: string | undefined; ... 10 more ...; link_gambar_kerja?: string | undefined; }, any, TFieldValues>' is not assignable to type 'Resolver<{ kategori_mdl: string; nama_barang: string; sub_kategori?: string | undefined; lokasi_ruangan?: string | undefined; kode_barang?: string | undefined; spesifikasi_dan_material?: string | undefined; ... 10 more ...; link_gambar_kerja?: string | undefined; }, any, { ...; }>'.
        Type 'ResolverResult<{ kategori_mdl: string; nama_barang: string; sub_kategori?: string | undefined; lokasi_ruangan?: string | undefined; kode_barang?: string | undefined; spesifikasi_dan_material?: string | undefined; ... 10 more ...; link_gambar_kerja?: string | undefined; }, TFieldValues> | Promise<...>' is not assignable to type 'ResolverResult<{ kategori_mdl: string; nama_barang: string; sub_kategori?: string | undefined; lokasi_ruangan?: string | undefined; kode_barang?: string | undefined; spesifikasi_dan_material?: string | undefined; ... 10 more ...; link_gambar_kerja?: string | undefined; }, { ...; }> | Promise<...>'.
          Type 'ResolverSuccess<TFieldValues>' is not assignable to type 'ResolverResult<{ kategori_mdl: string; nama_barang: string; sub_kategori?: string | undefined; lokasi_ruangan?: string | undefined; kode_barang?: string | undefined; spesifikasi_dan_material?: string | undefined; ... 10 more ...; link_gambar_kerja?: string | undefined; }, { ...; }> | Promise<...>'.
            Type 'ResolverSuccess<TFieldValues>' is not assignable to type 'ResolverSuccess<{ kategori_mdl: string; nama_barang: string; sub_kategori?: string | undefined; lokasi_ruangan?: string | undefined; kode_barang?: string | undefined; spesifikasi_dan_material?: string | undefined; ... 10 more ...; link_gambar_kerja?: string | undefined; }>'.
              Type 'TFieldValues' is not assignable to type '{ kategori_mdl: string; nama_barang: string; sub_kategori?: string | undefined; lokasi_ruangan?: string | undefined; kode_barang?: string | undefined; spesifikasi_dan_material?: string | undefined; ... 10 more ...; link_gambar_kerja?: string | undefined; }'.
                Type 'FieldValues' is missing the following properties from type '{ kategori_mdl: string; nama_barang: string; sub_kategori?: string | undefined; lokasi_ruangan?: string | undefined; kode_barang?: string | undefined; spesifikasi_dan_material?: string | undefined; ... 10 more ...; link_gambar_kerja?: string | undefined; }': kategori_mdl, nama_barang
src/features/mdl/components/mdl-form-modal.tsx(259,41): error TS2322: Type 'Control<{ kategori_mdl: string; nama_barang: string; sub_kategori?: string | undefined; lokasi_ruangan?: string | undefined; kode_barang?: string | undefined; spesifikasi_dan_material?: string | undefined; ... 10 more ...; link_gambar_kerja?: string | undefined; }, any, TFieldValues>' is not assignable to type 'Control<{ kategori_mdl: string; nama_barang: string; sub_kategori?: string | undefined; lokasi_ruangan?: string | undefined; kode_barang?: string | undefined; spesifikasi_dan_material?: string | undefined; ... 10 more ...; link_gambar_kerja?: string | undefined; }, any, { ...; }>'.
  The types of '_options.resolver' are incompatible between these types.
    Type 'Resolver<{ kategori_mdl: string; nama_barang: string; sub_kategori?: string | undefined; lokasi_ruangan?: string | undefined; kode_barang?: string | undefined; spesifikasi_dan_material?: string | undefined; ... 10 more ...; link_gambar_kerja?: string | undefined; }, any, TFieldValues> | undefined' is not assignable to type 'Resolver<{ kategori_mdl: string; nama_barang: string; sub_kategori?: string | undefined; lokasi_ruangan?: string | undefined; kode_barang?: string | undefined; spesifikasi_dan_material?: string | undefined; ... 10 more ...; link_gambar_kerja?: string | undefined; }, any, { ...; }> | undefined'.
      Type 'Resolver<{ kategori_mdl: string; nama_barang: string; sub_kategori?: string | undefined; lokasi_ruangan?: string | undefined; kode_barang?: string | undefined; spesifikasi_dan_material?: string | undefined; ... 10 more ...; link_gambar_kerja?: string | undefined; }, any, TFieldValues>' is not assignable to type 'Resolver<{ kategori_mdl: string; nama_barang: string; sub_kategori?: string | undefined; lokasi_ruangan?: string | undefined; kode_barang?: string | undefined; spesifikasi_dan_material?: string | undefined; ... 10 more ...; link_gambar_kerja?: string | undefined; }, any, { ...; }>'.
        Type 'ResolverResult<{ kategori_mdl: string; nama_barang: string; sub_kategori?: string | undefined; lokasi_ruangan?: string | undefined; kode_barang?: string | undefined; spesifikasi_dan_material?: string | undefined; ... 10 more ...; link_gambar_kerja?: string | undefined; }, TFieldValues> | Promise<...>' is not assignable to type 'ResolverResult<{ kategori_mdl: string; nama_barang: string; sub_kategori?: string | undefined; lokasi_ruangan?: string | undefined; kode_barang?: string | undefined; spesifikasi_dan_material?: string | undefined; ... 10 more ...; link_gambar_kerja?: string | undefined; }, { ...; }> | Promise<...>'.
          Type 'ResolverSuccess<TFieldValues>' is not assignable to type 'ResolverResult<{ kategori_mdl: string; nama_barang: string; sub_kategori?: string | undefined; lokasi_ruangan?: string | undefined; kode_barang?: string | undefined; spesifikasi_dan_material?: string | undefined; ... 10 more ...; link_gambar_kerja?: string | undefined; }, { ...; }> | Promise<...>'.
            Type 'ResolverSuccess<TFieldValues>' is not assignable to type 'ResolverSuccess<{ kategori_mdl: string; nama_barang: string; sub_kategori?: string | undefined; lokasi_ruangan?: string | undefined; kode_barang?: string | undefined; spesifikasi_dan_material?: string | undefined; ... 10 more ...; link_gambar_kerja?: string | undefined; }>'.
              Type 'TFieldValues' is not assignable to type '{ kategori_mdl: string; nama_barang: string; sub_kategori?: string | undefined; lokasi_ruangan?: string | undefined; kode_barang?: string | undefined; spesifikasi_dan_material?: string | undefined; ... 10 more ...; link_gambar_kerja?: string | undefined; }'.
                Type 'FieldValues' is missing the following properties from type '{ kategori_mdl: string; nama_barang: string; sub_kategori?: string | undefined; lokasi_ruangan?: string | undefined; kode_barang?: string | undefined; spesifikasi_dan_material?: string | undefined; ... 10 more ...; link_gambar_kerja?: string | undefined; }': kategori_mdl, nama_barang
src/features/mdl/components/mdl-form-modal.tsx(281,41): error TS2322: Type 'Control<{ kategori_mdl: string; nama_barang: string; sub_kategori?: string | undefined; lokasi_ruangan?: string | undefined; kode_barang?: string | undefined; spesifikasi_dan_material?: string | undefined; ... 10 more ...; link_gambar_kerja?: string | undefined; }, any, TFieldValues>' is not assignable to type 'Control<{ kategori_mdl: string; nama_barang: string; sub_kategori?: string | undefined; lokasi_ruangan?: string | undefined; kode_barang?: string | undefined; spesifikasi_dan_material?: string | undefined; ... 10 more ...; link_gambar_kerja?: string | undefined; }, any, { ...; }>'.
  The types of '_options.resolver' are incompatible between these types.
    Type 'Resolver<{ kategori_mdl: string; nama_barang: string; sub_kategori?: string | undefined; lokasi_ruangan?: string | undefined; kode_barang?: string | undefined; spesifikasi_dan_material?: string | undefined; ... 10 more ...; link_gambar_kerja?: string | undefined; }, any, TFieldValues> | undefined' is not assignable to type 'Resolver<{ kategori_mdl: string; nama_barang: string; sub_kategori?: string | undefined; lokasi_ruangan?: string | undefined; kode_barang?: string | undefined; spesifikasi_dan_material?: string | undefined; ... 10 more ...; link_gambar_kerja?: string | undefined; }, any, { ...; }> | undefined'.
      Type 'Resolver<{ kategori_mdl: string; nama_barang: string; sub_kategori?: string | undefined; lokasi_ruangan?: string | undefined; kode_barang?: string | undefined; spesifikasi_dan_material?: string | undefined; ... 10 more ...; link_gambar_kerja?: string | undefined; }, any, TFieldValues>' is not assignable to type 'Resolver<{ kategori_mdl: string; nama_barang: string; sub_kategori?: string | undefined; lokasi_ruangan?: string | undefined; kode_barang?: string | undefined; spesifikasi_dan_material?: string | undefined; ... 10 more ...; link_gambar_kerja?: string | undefined; }, any, { ...; }>'.
        Type 'ResolverResult<{ kategori_mdl: string; nama_barang: string; sub_kategori?: string | undefined; lokasi_ruangan?: string | undefined; kode_barang?: string | undefined; spesifikasi_dan_material?: string | undefined; ... 10 more ...; link_gambar_kerja?: string | undefined; }, TFieldValues> | Promise<...>' is not assignable to type 'ResolverResult<{ kategori_mdl: string; nama_barang: string; sub_kategori?: string | undefined; lokasi_ruangan?: string | undefined; kode_barang?: string | undefined; spesifikasi_dan_material?: string | undefined; ... 10 more ...; link_gambar_kerja?: string | undefined; }, { ...; }> | Promise<...>'.
          Type 'ResolverSuccess<TFieldValues>' is not assignable to type 'ResolverResult<{ kategori_mdl: string; nama_barang: string; sub_kategori?: string | undefined; lokasi_ruangan?: string | undefined; kode_barang?: string | undefined; spesifikasi_dan_material?: string | undefined; ... 10 more ...; link_gambar_kerja?: string | undefined; }, { ...; }> | Promise<...>'.
            Type 'ResolverSuccess<TFieldValues>' is not assignable to type 'ResolverSuccess<{ kategori_mdl: string; nama_barang: string; sub_kategori?: string | undefined; lokasi_ruangan?: string | undefined; kode_barang?: string | undefined; spesifikasi_dan_material?: string | undefined; ... 10 more ...; link_gambar_kerja?: string | undefined; }>'.
              Type 'TFieldValues' is not assignable to type '{ kategori_mdl: string; nama_barang: string; sub_kategori?: string | undefined; lokasi_ruangan?: string | undefined; kode_barang?: string | undefined; spesifikasi_dan_material?: string | undefined; ... 10 more ...; link_gambar_kerja?: string | undefined; }'.
                Type 'FieldValues' is missing the following properties from type '{ kategori_mdl: string; nama_barang: string; sub_kategori?: string | undefined; lokasi_ruangan?: string | undefined; kode_barang?: string | undefined; spesifikasi_dan_material?: string | undefined; ... 10 more ...; link_gambar_kerja?: string | undefined; }': kategori_mdl, nama_barang
src/features/mdl/components/mdl-form-modal.tsx(293,41): error TS2322: Type 'Control<{ kategori_mdl: string; nama_barang: string; sub_kategori?: string | undefined; lokasi_ruangan?: string | undefined; kode_barang?: string | undefined; spesifikasi_dan_material?: string | undefined; ... 10 more ...; link_gambar_kerja?: string | undefined; }, any, TFieldValues>' is not assignable to type 'Control<{ kategori_mdl: string; nama_barang: string; sub_kategori?: string | undefined; lokasi_ruangan?: string | undefined; kode_barang?: string | undefined; spesifikasi_dan_material?: string | undefined; ... 10 more ...; link_gambar_kerja?: string | undefined; }, any, { ...; }>'.
  The types of '_options.resolver' are incompatible between these types.
    Type 'Resolver<{ kategori_mdl: string; nama_barang: string; sub_kategori?: string | undefined; lokasi_ruangan?: string | undefined; kode_barang?: string | undefined; spesifikasi_dan_material?: string | undefined; ... 10 more ...; link_gambar_kerja?: string | undefined; }, any, TFieldValues> | undefined' is not assignable to type 'Resolver<{ kategori_mdl: string; nama_barang: string; sub_kategori?: string | undefined; lokasi_ruangan?: string | undefined; kode_barang?: string | undefined; spesifikasi_dan_material?: string | undefined; ... 10 more ...; link_gambar_kerja?: string | undefined; }, any, { ...; }> | undefined'.
      Type 'Resolver<{ kategori_mdl: string; nama_barang: string; sub_kategori?: string | undefined; lokasi_ruangan?: string | undefined; kode_barang?: string | undefined; spesifikasi_dan_material?: string | undefined; ... 10 more ...; link_gambar_kerja?: string | undefined; }, any, TFieldValues>' is not assignable to type 'Resolver<{ kategori_mdl: string; nama_barang: string; sub_kategori?: string | undefined; lokasi_ruangan?: string | undefined; kode_barang?: string | undefined; spesifikasi_dan_material?: string | undefined; ... 10 more ...; link_gambar_kerja?: string | undefined; }, any, { ...; }>'.
        Type 'ResolverResult<{ kategori_mdl: string; nama_barang: string; sub_kategori?: string | undefined; lokasi_ruangan?: string | undefined; kode_barang?: string | undefined; spesifikasi_dan_material?: string | undefined; ... 10 more ...; link_gambar_kerja?: string | undefined; }, TFieldValues> | Promise<...>' is not assignable to type 'ResolverResult<{ kategori_mdl: string; nama_barang: string; sub_kategori?: string | undefined; lokasi_ruangan?: string | undefined; kode_barang?: string | undefined; spesifikasi_dan_material?: string | undefined; ... 10 more ...; link_gambar_kerja?: string | undefined; }, { ...; }> | Promise<...>'.
          Type 'ResolverSuccess<TFieldValues>' is not assignable to type 'ResolverResult<{ kategori_mdl: string; nama_barang: string; sub_kategori?: string | undefined; lokasi_ruangan?: string | undefined; kode_barang?: string | undefined; spesifikasi_dan_material?: string | undefined; ... 10 more ...; link_gambar_kerja?: string | undefined; }, { ...; }> | Promise<...>'.
            Type 'ResolverSuccess<TFieldValues>' is not assignable to type 'ResolverSuccess<{ kategori_mdl: string; nama_barang: string; sub_kategori?: string | undefined; lokasi_ruangan?: string | undefined; kode_barang?: string | undefined; spesifikasi_dan_material?: string | undefined; ... 10 more ...; link_gambar_kerja?: string | undefined; }>'.
              Type 'TFieldValues' is not assignable to type '{ kategori_mdl: string; nama_barang: string; sub_kategori?: string | undefined; lokasi_ruangan?: string | undefined; kode_barang?: string | undefined; spesifikasi_dan_material?: string | undefined; ... 10 more ...; link_gambar_kerja?: string | undefined; }'.
                Type 'FieldValues' is missing the following properties from type '{ kategori_mdl: string; nama_barang: string; sub_kategori?: string | undefined; lokasi_ruangan?: string | undefined; kode_barang?: string | undefined; spesifikasi_dan_material?: string | undefined; ... 10 more ...; link_gambar_kerja?: string | undefined; }': kategori_mdl, nama_barang
src/features/mdl/components/mdl-form-modal.tsx(305,41): error TS2322: Type 'Control<{ kategori_mdl: string; nama_barang: string; sub_kategori?: string | undefined; lokasi_ruangan?: string | undefined; kode_barang?: string | undefined; spesifikasi_dan_material?: string | undefined; ... 10 more ...; link_gambar_kerja?: string | undefined; }, any, TFieldValues>' is not assignable to type 'Control<{ kategori_mdl: string; nama_barang: string; sub_kategori?: string | undefined; lokasi_ruangan?: string | undefined; kode_barang?: string | undefined; spesifikasi_dan_material?: string | undefined; ... 10 more ...; link_gambar_kerja?: string | undefined; }, any, { ...; }>'.
  The types of '_options.resolver' are incompatible between these types.
    Type 'Resolver<{ kategori_mdl: string; nama_barang: string; sub_kategori?: string | undefined; lokasi_ruangan?: string | undefined; kode_barang?: string | undefined; spesifikasi_dan_material?: string | undefined; ... 10 more ...; link_gambar_kerja?: string | undefined; }, any, TFieldValues> | undefined' is not assignable to type 'Resolver<{ kategori_mdl: string; nama_barang: string; sub_kategori?: string | undefined; lokasi_ruangan?: string | undefined; kode_barang?: string | undefined; spesifikasi_dan_material?: string | undefined; ... 10 more ...; link_gambar_kerja?: string | undefined; }, any, { ...; }> | undefined'.
      Type 'Resolver<{ kategori_mdl: string; nama_barang: string; sub_kategori?: string | undefined; lokasi_ruangan?: string | undefined; kode_barang?: string | undefined; spesifikasi_dan_material?: string | undefined; ... 10 more ...; link_gambar_kerja?: string | undefined; }, any, TFieldValues>' is not assignable to type 'Resolver<{ kategori_mdl: string; nama_barang: string; sub_kategori?: string | undefined; lokasi_ruangan?: string | undefined; kode_barang?: string | undefined; spesifikasi_dan_material?: string | undefined; ... 10 more ...; link_gambar_kerja?: string | undefined; }, any, { ...; }>'.
        Type 'ResolverResult<{ kategori_mdl: string; nama_barang: string; sub_kategori?: string | undefined; lokasi_ruangan?: string | undefined; kode_barang?: string | undefined; spesifikasi_dan_material?: string | undefined; ... 10 more ...; link_gambar_kerja?: string | undefined; }, TFieldValues> | Promise<...>' is not assignable to type 'ResolverResult<{ kategori_mdl: string; nama_barang: string; sub_kategori?: string | undefined; lokasi_ruangan?: string | undefined; kode_barang?: string | undefined; spesifikasi_dan_material?: string | undefined; ... 10 more ...; link_gambar_kerja?: string | undefined; }, { ...; }> | Promise<...>'.
          Type 'ResolverSuccess<TFieldValues>' is not assignable to type 'ResolverResult<{ kategori_mdl: string; nama_barang: string; sub_kategori?: string | undefined; lokasi_ruangan?: string | undefined; kode_barang?: string | undefined; spesifikasi_dan_material?: string | undefined; ... 10 more ...; link_gambar_kerja?: string | undefined; }, { ...; }> | Promise<...>'.
            Type 'ResolverSuccess<TFieldValues>' is not assignable to type 'ResolverSuccess<{ kategori_mdl: string; nama_barang: string; sub_kategori?: string | undefined; lokasi_ruangan?: string | undefined; kode_barang?: string | undefined; spesifikasi_dan_material?: string | undefined; ... 10 more ...; link_gambar_kerja?: string | undefined; }>'.
              Type 'TFieldValues' is not assignable to type '{ kategori_mdl: string; nama_barang: string; sub_kategori?: string | undefined; lokasi_ruangan?: string | undefined; kode_barang?: string | undefined; spesifikasi_dan_material?: string | undefined; ... 10 more ...; link_gambar_kerja?: string | undefined; }'.
                Type 'FieldValues' is missing the following properties from type '{ kategori_mdl: string; nama_barang: string; sub_kategori?: string | undefined; lokasi_ruangan?: string | undefined; kode_barang?: string | undefined; spesifikasi_dan_material?: string | undefined; ... 10 more ...; link_gambar_kerja?: string | undefined; }': kategori_mdl, nama_barang
src/features/mdl/components/mdl-form-modal.tsx(317,41): error TS2322: Type 'Control<{ kategori_mdl: string; nama_barang: string; sub_kategori?: string | undefined; lokasi_ruangan?: string | undefined; kode_barang?: string | undefined; spesifikasi_dan_material?: string | undefined; ... 10 more ...; link_gambar_kerja?: string | undefined; }, any, TFieldValues>' is not assignable to type 'Control<{ kategori_mdl: string; nama_barang: string; sub_kategori?: string | undefined; lokasi_ruangan?: string | undefined; kode_barang?: string | undefined; spesifikasi_dan_material?: string | undefined; ... 10 more ...; link_gambar_kerja?: string | undefined; }, any, { ...; }>'.
  The types of '_options.resolver' are incompatible between these types.
    Type 'Resolver<{ kategori_mdl: string; nama_barang: string; sub_kategori?: string | undefined; lokasi_ruangan?: string | undefined; kode_barang?: string | undefined; spesifikasi_dan_material?: string | undefined; ... 10 more ...; link_gambar_kerja?: string | undefined; }, any, TFieldValues> | undefined' is not assignable to type 'Resolver<{ kategori_mdl: string; nama_barang: string; sub_kategori?: string | undefined; lokasi_ruangan?: string | undefined; kode_barang?: string | undefined; spesifikasi_dan_material?: string | undefined; ... 10 more ...; link_gambar_kerja?: string | undefined; }, any, { ...; }> | undefined'.
      Type 'Resolver<{ kategori_mdl: string; nama_barang: string; sub_kategori?: string | undefined; lokasi_ruangan?: string | undefined; kode_barang?: string | undefined; spesifikasi_dan_material?: string | undefined; ... 10 more ...; link_gambar_kerja?: string | undefined; }, any, TFieldValues>' is not assignable to type 'Resolver<{ kategori_mdl: string; nama_barang: string; sub_kategori?: string | undefined; lokasi_ruangan?: string | undefined; kode_barang?: string | undefined; spesifikasi_dan_material?: string | undefined; ... 10 more ...; link_gambar_kerja?: string | undefined; }, any, { ...; }>'.
        Type 'ResolverResult<{ kategori_mdl: string; nama_barang: string; sub_kategori?: string | undefined; lokasi_ruangan?: string | undefined; kode_barang?: string | undefined; spesifikasi_dan_material?: string | undefined; ... 10 more ...; link_gambar_kerja?: string | undefined; }, TFieldValues> | Promise<...>' is not assignable to type 'ResolverResult<{ kategori_mdl: string; nama_barang: string; sub_kategori?: string | undefined; lokasi_ruangan?: string | undefined; kode_barang?: string | undefined; spesifikasi_dan_material?: string | undefined; ... 10 more ...; link_gambar_kerja?: string | undefined; }, { ...; }> | Promise<...>'.
          Type 'ResolverSuccess<TFieldValues>' is not assignable to type 'ResolverResult<{ kategori_mdl: string; nama_barang: string; sub_kategori?: string | undefined; lokasi_ruangan?: string | undefined; kode_barang?: string | undefined; spesifikasi_dan_material?: string | undefined; ... 10 more ...; link_gambar_kerja?: string | undefined; }, { ...; }> | Promise<...>'.
            Type 'ResolverSuccess<TFieldValues>' is not assignable to type 'ResolverSuccess<{ kategori_mdl: string; nama_barang: string; sub_kategori?: string | undefined; lokasi_ruangan?: string | undefined; kode_barang?: string | undefined; spesifikasi_dan_material?: string | undefined; ... 10 more ...; link_gambar_kerja?: string | undefined; }>'.
              Type 'TFieldValues' is not assignable to type '{ kategori_mdl: string; nama_barang: string; sub_kategori?: string | undefined; lokasi_ruangan?: string | undefined; kode_barang?: string | undefined; spesifikasi_dan_material?: string | undefined; ... 10 more ...; link_gambar_kerja?: string | undefined; }'.
                Type 'FieldValues' is missing the following properties from type '{ kategori_mdl: string; nama_barang: string; sub_kategori?: string | undefined; lokasi_ruangan?: string | undefined; kode_barang?: string | undefined; spesifikasi_dan_material?: string | undefined; ... 10 more ...; link_gambar_kerja?: string | undefined; }': kategori_mdl, nama_barang
src/features/mdl/components/mdl-form-modal.tsx(331,37): error TS2322: Type 'Control<{ kategori_mdl: string; nama_barang: string; sub_kategori?: string | undefined; lokasi_ruangan?: string | undefined; kode_barang?: string | undefined; spesifikasi_dan_material?: string | undefined; ... 10 more ...; link_gambar_kerja?: string | undefined; }, any, TFieldValues>' is not assignable to type 'Control<{ kategori_mdl: string; nama_barang: string; sub_kategori?: string | undefined; lokasi_ruangan?: string | undefined; kode_barang?: string | undefined; spesifikasi_dan_material?: string | undefined; ... 10 more ...; link_gambar_kerja?: string | undefined; }, any, { ...; }>'.
  The types of '_options.resolver' are incompatible between these types.
    Type 'Resolver<{ kategori_mdl: string; nama_barang: string; sub_kategori?: string | undefined; lokasi_ruangan?: string | undefined; kode_barang?: string | undefined; spesifikasi_dan_material?: string | undefined; ... 10 more ...; link_gambar_kerja?: string | undefined; }, any, TFieldValues> | undefined' is not assignable to type 'Resolver<{ kategori_mdl: string; nama_barang: string; sub_kategori?: string | undefined; lokasi_ruangan?: string | undefined; kode_barang?: string | undefined; spesifikasi_dan_material?: string | undefined; ... 10 more ...; link_gambar_kerja?: string | undefined; }, any, { ...; }> | undefined'.
      Type 'Resolver<{ kategori_mdl: string; nama_barang: string; sub_kategori?: string | undefined; lokasi_ruangan?: string | undefined; kode_barang?: string | undefined; spesifikasi_dan_material?: string | undefined; ... 10 more ...; link_gambar_kerja?: string | undefined; }, any, TFieldValues>' is not assignable to type 'Resolver<{ kategori_mdl: string; nama_barang: string; sub_kategori?: string | undefined; lokasi_ruangan?: string | undefined; kode_barang?: string | undefined; spesifikasi_dan_material?: string | undefined; ... 10 more ...; link_gambar_kerja?: string | undefined; }, any, { ...; }>'.
        Type 'ResolverResult<{ kategori_mdl: string; nama_barang: string; sub_kategori?: string | undefined; lokasi_ruangan?: string | undefined; kode_barang?: string | undefined; spesifikasi_dan_material?: string | undefined; ... 10 more ...; link_gambar_kerja?: string | undefined; }, TFieldValues> | Promise<...>' is not assignable to type 'ResolverResult<{ kategori_mdl: string; nama_barang: string; sub_kategori?: string | undefined; lokasi_ruangan?: string | undefined; kode_barang?: string | undefined; spesifikasi_dan_material?: string | undefined; ... 10 more ...; link_gambar_kerja?: string | undefined; }, { ...; }> | Promise<...>'.
          Type 'ResolverSuccess<TFieldValues>' is not assignable to type 'ResolverResult<{ kategori_mdl: string; nama_barang: string; sub_kategori?: string | undefined; lokasi_ruangan?: string | undefined; kode_barang?: string | undefined; spesifikasi_dan_material?: string | undefined; ... 10 more ...; link_gambar_kerja?: string | undefined; }, { ...; }> | Promise<...>'.
            Type 'ResolverSuccess<TFieldValues>' is not assignable to type 'ResolverSuccess<{ kategori_mdl: string; nama_barang: string; sub_kategori?: string | undefined; lokasi_ruangan?: string | undefined; kode_barang?: string | undefined; spesifikasi_dan_material?: string | undefined; ... 10 more ...; link_gambar_kerja?: string | undefined; }>'.
              Type 'TFieldValues' is not assignable to type '{ kategori_mdl: string; nama_barang: string; sub_kategori?: string | undefined; lokasi_ruangan?: string | undefined; kode_barang?: string | undefined; spesifikasi_dan_material?: string | undefined; ... 10 more ...; link_gambar_kerja?: string | undefined; }'.
                Type 'FieldValues' is missing the following properties from type '{ kategori_mdl: string; nama_barang: string; sub_kategori?: string | undefined; lokasi_ruangan?: string | undefined; kode_barang?: string | undefined; spesifikasi_dan_material?: string | undefined; ... 10 more ...; link_gambar_kerja?: string | undefined; }': kategori_mdl, nama_barang
src/features/mdl/components/mdl-form-modal.tsx(345,37): error TS2322: Type 'Control<{ kategori_mdl: string; nama_barang: string; sub_kategori?: string | undefined; lokasi_ruangan?: string | undefined; kode_barang?: string | undefined; spesifikasi_dan_material?: string | undefined; ... 10 more ...; link_gambar_kerja?: string | undefined; }, any, TFieldValues>' is not assignable to type 'Control<{ kategori_mdl: string; nama_barang: string; sub_kategori?: string | undefined; lokasi_ruangan?: string | undefined; kode_barang?: string | undefined; spesifikasi_dan_material?: string | undefined; ... 10 more ...; link_gambar_kerja?: string | undefined; }, any, { ...; }>'.
  The types of '_options.resolver' are incompatible between these types.
    Type 'Resolver<{ kategori_mdl: string; nama_barang: string; sub_kategori?: string | undefined; lokasi_ruangan?: string | undefined; kode_barang?: string | undefined; spesifikasi_dan_material?: string | undefined; ... 10 more ...; link_gambar_kerja?: string | undefined; }, any, TFieldValues> | undefined' is not assignable to type 'Resolver<{ kategori_mdl: string; nama_barang: string; sub_kategori?: string | undefined; lokasi_ruangan?: string | undefined; kode_barang?: string | undefined; spesifikasi_dan_material?: string | undefined; ... 10 more ...; link_gambar_kerja?: string | undefined; }, any, { ...; }> | undefined'.
      Type 'Resolver<{ kategori_mdl: string; nama_barang: string; sub_kategori?: string | undefined; lokasi_ruangan?: string | undefined; kode_barang?: string | undefined; spesifikasi_dan_material?: string | undefined; ... 10 more ...; link_gambar_kerja?: string | undefined; }, any, TFieldValues>' is not assignable to type 'Resolver<{ kategori_mdl: string; nama_barang: string; sub_kategori?: string | undefined; lokasi_ruangan?: string | undefined; kode_barang?: string | undefined; spesifikasi_dan_material?: string | undefined; ... 10 more ...; link_gambar_kerja?: string | undefined; }, any, { ...; }>'.
        Type 'ResolverResult<{ kategori_mdl: string; nama_barang: string; sub_kategori?: string | undefined; lokasi_ruangan?: string | undefined; kode_barang?: string | undefined; spesifikasi_dan_material?: string | undefined; ... 10 more ...; link_gambar_kerja?: string | undefined; }, TFieldValues> | Promise<...>' is not assignable to type 'ResolverResult<{ kategori_mdl: string; nama_barang: string; sub_kategori?: string | undefined; lokasi_ruangan?: string | undefined; kode_barang?: string | undefined; spesifikasi_dan_material?: string | undefined; ... 10 more ...; link_gambar_kerja?: string | undefined; }, { ...; }> | Promise<...>'.
          Type 'ResolverSuccess<TFieldValues>' is not assignable to type 'ResolverResult<{ kategori_mdl: string; nama_barang: string; sub_kategori?: string | undefined; lokasi_ruangan?: string | undefined; kode_barang?: string | undefined; spesifikasi_dan_material?: string | undefined; ... 10 more ...; link_gambar_kerja?: string | undefined; }, { ...; }> | Promise<...>'.
            Type 'ResolverSuccess<TFieldValues>' is not assignable to type 'ResolverSuccess<{ kategori_mdl: string; nama_barang: string; sub_kategori?: string | undefined; lokasi_ruangan?: string | undefined; kode_barang?: string | undefined; spesifikasi_dan_material?: string | undefined; ... 10 more ...; link_gambar_kerja?: string | undefined; }>'.
              Type 'TFieldValues' is not assignable to type '{ kategori_mdl: string; nama_barang: string; sub_kategori?: string | undefined; lokasi_ruangan?: string | undefined; kode_barang?: string | undefined; spesifikasi_dan_material?: string | undefined; ... 10 more ...; link_gambar_kerja?: string | undefined; }'.
                Type 'FieldValues' is missing the following properties from type '{ kategori_mdl: string; nama_barang: string; sub_kategori?: string | undefined; lokasi_ruangan?: string | undefined; kode_barang?: string | undefined; spesifikasi_dan_material?: string | undefined; ... 10 more ...; link_gambar_kerja?: string | undefined; }': kategori_mdl, nama_barang
src/features/mdl/components/mdl-form-modal.tsx(364,41): error TS2322: Type 'Control<{ kategori_mdl: string; nama_barang: string; sub_kategori?: string | undefined; lokasi_ruangan?: string | undefined; kode_barang?: string | undefined; spesifikasi_dan_material?: string | undefined; ... 10 more ...; link_gambar_kerja?: string | undefined; }, any, TFieldValues>' is not assignable to type 'Control<{ kategori_mdl: string; nama_barang: string; sub_kategori?: string | undefined; lokasi_ruangan?: string | undefined; kode_barang?: string | undefined; spesifikasi_dan_material?: string | undefined; ... 10 more ...; link_gambar_kerja?: string | undefined; }, any, { ...; }>'.
  The types of '_options.resolver' are incompatible between these types.
    Type 'Resolver<{ kategori_mdl: string; nama_barang: string; sub_kategori?: string | undefined; lokasi_ruangan?: string | undefined; kode_barang?: string | undefined; spesifikasi_dan_material?: string | undefined; ... 10 more ...; link_gambar_kerja?: string | undefined; }, any, TFieldValues> | undefined' is not assignable to type 'Resolver<{ kategori_mdl: string; nama_barang: string; sub_kategori?: string | undefined; lokasi_ruangan?: string | undefined; kode_barang?: string | undefined; spesifikasi_dan_material?: string | undefined; ... 10 more ...; link_gambar_kerja?: string | undefined; }, any, { ...; }> | undefined'.
      Type 'Resolver<{ kategori_mdl: string; nama_barang: string; sub_kategori?: string | undefined; lokasi_ruangan?: string | undefined; kode_barang?: string | undefined; spesifikasi_dan_material?: string | undefined; ... 10 more ...; link_gambar_kerja?: string | undefined; }, any, TFieldValues>' is not assignable to type 'Resolver<{ kategori_mdl: string; nama_barang: string; sub_kategori?: string | undefined; lokasi_ruangan?: string | undefined; kode_barang?: string | undefined; spesifikasi_dan_material?: string | undefined; ... 10 more ...; link_gambar_kerja?: string | undefined; }, any, { ...; }>'.
        Type 'ResolverResult<{ kategori_mdl: string; nama_barang: string; sub_kategori?: string | undefined; lokasi_ruangan?: string | undefined; kode_barang?: string | undefined; spesifikasi_dan_material?: string | undefined; ... 10 more ...; link_gambar_kerja?: string | undefined; }, TFieldValues> | Promise<...>' is not assignable to type 'ResolverResult<{ kategori_mdl: string; nama_barang: string; sub_kategori?: string | undefined; lokasi_ruangan?: string | undefined; kode_barang?: string | undefined; spesifikasi_dan_material?: string | undefined; ... 10 more ...; link_gambar_kerja?: string | undefined; }, { ...; }> | Promise<...>'.
          Type 'ResolverSuccess<TFieldValues>' is not assignable to type 'ResolverResult<{ kategori_mdl: string; nama_barang: string; sub_kategori?: string | undefined; lokasi_ruangan?: string | undefined; kode_barang?: string | undefined; spesifikasi_dan_material?: string | undefined; ... 10 more ...; link_gambar_kerja?: string | undefined; }, { ...; }> | Promise<...>'.
            Type 'ResolverSuccess<TFieldValues>' is not assignable to type 'ResolverSuccess<{ kategori_mdl: string; nama_barang: string; sub_kategori?: string | undefined; lokasi_ruangan?: string | undefined; kode_barang?: string | undefined; spesifikasi_dan_material?: string | undefined; ... 10 more ...; link_gambar_kerja?: string | undefined; }>'.
              Type 'TFieldValues' is not assignable to type '{ kategori_mdl: string; nama_barang: string; sub_kategori?: string | undefined; lokasi_ruangan?: string | undefined; kode_barang?: string | undefined; spesifikasi_dan_material?: string | undefined; ... 10 more ...; link_gambar_kerja?: string | undefined; }'.
                Type 'FieldValues' is missing the following properties from type '{ kategori_mdl: string; nama_barang: string; sub_kategori?: string | undefined; lokasi_ruangan?: string | undefined; kode_barang?: string | undefined; spesifikasi_dan_material?: string | undefined; ... 10 more ...; link_gambar_kerja?: string | undefined; }': kategori_mdl, nama_barang
src/features/mdl/components/mdl-form-modal.tsx(377,41): error TS2322: Type 'Control<{ kategori_mdl: string; nama_barang: string; sub_kategori?: string | undefined; lokasi_ruangan?: string | undefined; kode_barang?: string | undefined; spesifikasi_dan_material?: string | undefined; ... 10 more ...; link_gambar_kerja?: string | undefined; }, any, TFieldValues>' is not assignable to type 'Control<{ kategori_mdl: string; nama_barang: string; sub_kategori?: string | undefined; lokasi_ruangan?: string | undefined; kode_barang?: string | undefined; spesifikasi_dan_material?: string | undefined; ... 10 more ...; link_gambar_kerja?: string | undefined; }, any, { ...; }>'.
  The types of '_options.resolver' are incompatible between these types.
    Type 'Resolver<{ kategori_mdl: string; nama_barang: string; sub_kategori?: string | undefined; lokasi_ruangan?: string | undefined; kode_barang?: string | undefined; spesifikasi_dan_material?: string | undefined; ... 10 more ...; link_gambar_kerja?: string | undefined; }, any, TFieldValues> | undefined' is not assignable to type 'Resolver<{ kategori_mdl: string; nama_barang: string; sub_kategori?: string | undefined; lokasi_ruangan?: string | undefined; kode_barang?: string | undefined; spesifikasi_dan_material?: string | undefined; ... 10 more ...; link_gambar_kerja?: string | undefined; }, any, { ...; }> | undefined'.
      Type 'Resolver<{ kategori_mdl: string; nama_barang: string; sub_kategori?: string | undefined; lokasi_ruangan?: string | undefined; kode_barang?: string | undefined; spesifikasi_dan_material?: string | undefined; ... 10 more ...; link_gambar_kerja?: string | undefined; }, any, TFieldValues>' is not assignable to type 'Resolver<{ kategori_mdl: string; nama_barang: string; sub_kategori?: string | undefined; lokasi_ruangan?: string | undefined; kode_barang?: string | undefined; spesifikasi_dan_material?: string | undefined; ... 10 more ...; link_gambar_kerja?: string | undefined; }, any, { ...; }>'.
        Type 'ResolverResult<{ kategori_mdl: string; nama_barang: string; sub_kategori?: string | undefined; lokasi_ruangan?: string | undefined; kode_barang?: string | undefined; spesifikasi_dan_material?: string | undefined; ... 10 more ...; link_gambar_kerja?: string | undefined; }, TFieldValues> | Promise<...>' is not assignable to type 'ResolverResult<{ kategori_mdl: string; nama_barang: string; sub_kategori?: string | undefined; lokasi_ruangan?: string | undefined; kode_barang?: string | undefined; spesifikasi_dan_material?: string | undefined; ... 10 more ...; link_gambar_kerja?: string | undefined; }, { ...; }> | Promise<...>'.
          Type 'ResolverSuccess<TFieldValues>' is not assignable to type 'ResolverResult<{ kategori_mdl: string; nama_barang: string; sub_kategori?: string | undefined; lokasi_ruangan?: string | undefined; kode_barang?: string | undefined; spesifikasi_dan_material?: string | undefined; ... 10 more ...; link_gambar_kerja?: string | undefined; }, { ...; }> | Promise<...>'.
            Type 'ResolverSuccess<TFieldValues>' is not assignable to type 'ResolverSuccess<{ kategori_mdl: string; nama_barang: string; sub_kategori?: string | undefined; lokasi_ruangan?: string | undefined; kode_barang?: string | undefined; spesifikasi_dan_material?: string | undefined; ... 10 more ...; link_gambar_kerja?: string | undefined; }>'.
              Type 'TFieldValues' is not assignable to type '{ kategori_mdl: string; nama_barang: string; sub_kategori?: string | undefined; lokasi_ruangan?: string | undefined; kode_barang?: string | undefined; spesifikasi_dan_material?: string | undefined; ... 10 more ...; link_gambar_kerja?: string | undefined; }'.
                Type 'FieldValues' is missing the following properties from type '{ kategori_mdl: string; nama_barang: string; sub_kategori?: string | undefined; lokasi_ruangan?: string | undefined; kode_barang?: string | undefined; spesifikasi_dan_material?: string | undefined; ... 10 more ...; link_gambar_kerja?: string | undefined; }': kategori_mdl, nama_barang
src/features/mdl/components/mdl-form-modal.tsx(394,41): error TS2322: Type 'Control<{ kategori_mdl: string; nama_barang: string; sub_kategori?: string | undefined; lokasi_ruangan?: string | undefined; kode_barang?: string | undefined; spesifikasi_dan_material?: string | undefined; ... 10 more ...; link_gambar_kerja?: string | undefined; }, any, TFieldValues>' is not assignable to type 'Control<{ kategori_mdl: string; nama_barang: string; sub_kategori?: string | undefined; lokasi_ruangan?: string | undefined; kode_barang?: string | undefined; spesifikasi_dan_material?: string | undefined; ... 10 more ...; link_gambar_kerja?: string | undefined; }, any, { ...; }>'.
  The types of '_options.resolver' are incompatible between these types.
    Type 'Resolver<{ kategori_mdl: string; nama_barang: string; sub_kategori?: string | undefined; lokasi_ruangan?: string | undefined; kode_barang?: string | undefined; spesifikasi_dan_material?: string | undefined; ... 10 more ...; link_gambar_kerja?: string | undefined; }, any, TFieldValues> | undefined' is not assignable to type 'Resolver<{ kategori_mdl: string; nama_barang: string; sub_kategori?: string | undefined; lokasi_ruangan?: string | undefined; kode_barang?: string | undefined; spesifikasi_dan_material?: string | undefined; ... 10 more ...; link_gambar_kerja?: string | undefined; }, any, { ...; }> | undefined'.
      Type 'Resolver<{ kategori_mdl: string; nama_barang: string; sub_kategori?: string | undefined; lokasi_ruangan?: string | undefined; kode_barang?: string | undefined; spesifikasi_dan_material?: string | undefined; ... 10 more ...; link_gambar_kerja?: string | undefined; }, any, TFieldValues>' is not assignable to type 'Resolver<{ kategori_mdl: string; nama_barang: string; sub_kategori?: string | undefined; lokasi_ruangan?: string | undefined; kode_barang?: string | undefined; spesifikasi_dan_material?: string | undefined; ... 10 more ...; link_gambar_kerja?: string | undefined; }, any, { ...; }>'.
        Type 'ResolverResult<{ kategori_mdl: string; nama_barang: string; sub_kategori?: string | undefined; lokasi_ruangan?: string | undefined; kode_barang?: string | undefined; spesifikasi_dan_material?: string | undefined; ... 10 more ...; link_gambar_kerja?: string | undefined; }, TFieldValues> | Promise<...>' is not assignable to type 'ResolverResult<{ kategori_mdl: string; nama_barang: string; sub_kategori?: string | undefined; lokasi_ruangan?: string | undefined; kode_barang?: string | undefined; spesifikasi_dan_material?: string | undefined; ... 10 more ...; link_gambar_kerja?: string | undefined; }, { ...; }> | Promise<...>'.
          Type 'ResolverSuccess<TFieldValues>' is not assignable to type 'ResolverResult<{ kategori_mdl: string; nama_barang: string; sub_kategori?: string | undefined; lokasi_ruangan?: string | undefined; kode_barang?: string | undefined; spesifikasi_dan_material?: string | undefined; ... 10 more ...; link_gambar_kerja?: string | undefined; }, { ...; }> | Promise<...>'.
            Type 'ResolverSuccess<TFieldValues>' is not assignable to type 'ResolverSuccess<{ kategori_mdl: string; nama_barang: string; sub_kategori?: string | undefined; lokasi_ruangan?: string | undefined; kode_barang?: string | undefined; spesifikasi_dan_material?: string | undefined; ... 10 more ...; link_gambar_kerja?: string | undefined; }>'.
              Type 'TFieldValues' is not assignable to type '{ kategori_mdl: string; nama_barang: string; sub_kategori?: string | undefined; lokasi_ruangan?: string | undefined; kode_barang?: string | undefined; spesifikasi_dan_material?: string | undefined; ... 10 more ...; link_gambar_kerja?: string | undefined; }'.
                Type 'FieldValues' is missing the following properties from type '{ kategori_mdl: string; nama_barang: string; sub_kategori?: string | undefined; lokasi_ruangan?: string | undefined; kode_barang?: string | undefined; spesifikasi_dan_material?: string | undefined; ... 10 more ...; link_gambar_kerja?: string | undefined; }': kategori_mdl, nama_barang
src/features/mdl/components/mdl-form-modal.tsx(408,45): error TS2322: Type 'Control<{ kategori_mdl: string; nama_barang: string; sub_kategori?: string | undefined; lokasi_ruangan?: string | undefined; kode_barang?: string | undefined; spesifikasi_dan_material?: string | undefined; ... 10 more ...; link_gambar_kerja?: string | undefined; }, any, TFieldValues>' is not assignable to type 'Control<{ kategori_mdl: string; nama_barang: string; sub_kategori?: string | undefined; lokasi_ruangan?: string | undefined; kode_barang?: string | undefined; spesifikasi_dan_material?: string | undefined; ... 10 more ...; link_gambar_kerja?: string | undefined; }, any, { ...; }>'.
  The types of '_options.resolver' are incompatible between these types.
    Type 'Resolver<{ kategori_mdl: string; nama_barang: string; sub_kategori?: string | undefined; lokasi_ruangan?: string | undefined; kode_barang?: string | undefined; spesifikasi_dan_material?: string | undefined; ... 10 more ...; link_gambar_kerja?: string | undefined; }, any, TFieldValues> | undefined' is not assignable to type 'Resolver<{ kategori_mdl: string; nama_barang: string; sub_kategori?: string | undefined; lokasi_ruangan?: string | undefined; kode_barang?: string | undefined; spesifikasi_dan_material?: string | undefined; ... 10 more ...; link_gambar_kerja?: string | undefined; }, any, { ...; }> | undefined'.
      Type 'Resolver<{ kategori_mdl: string; nama_barang: string; sub_kategori?: string | undefined; lokasi_ruangan?: string | undefined; kode_barang?: string | undefined; spesifikasi_dan_material?: string | undefined; ... 10 more ...; link_gambar_kerja?: string | undefined; }, any, TFieldValues>' is not assignable to type 'Resolver<{ kategori_mdl: string; nama_barang: string; sub_kategori?: string | undefined; lokasi_ruangan?: string | undefined; kode_barang?: string | undefined; spesifikasi_dan_material?: string | undefined; ... 10 more ...; link_gambar_kerja?: string | undefined; }, any, { ...; }>'.
        Type 'ResolverResult<{ kategori_mdl: string; nama_barang: string; sub_kategori?: string | undefined; lokasi_ruangan?: string | undefined; kode_barang?: string | undefined; spesifikasi_dan_material?: string | undefined; ... 10 more ...; link_gambar_kerja?: string | undefined; }, TFieldValues> | Promise<...>' is not assignable to type 'ResolverResult<{ kategori_mdl: string; nama_barang: string; sub_kategori?: string | undefined; lokasi_ruangan?: string | undefined; kode_barang?: string | undefined; spesifikasi_dan_material?: string | undefined; ... 10 more ...; link_gambar_kerja?: string | undefined; }, { ...; }> | Promise<...>'.
          Type 'ResolverSuccess<TFieldValues>' is not assignable to type 'ResolverResult<{ kategori_mdl: string; nama_barang: string; sub_kategori?: string | undefined; lokasi_ruangan?: string | undefined; kode_barang?: string | undefined; spesifikasi_dan_material?: string | undefined; ... 10 more ...; link_gambar_kerja?: string | undefined; }, { ...; }> | Promise<...>'.
            Type 'ResolverSuccess<TFieldValues>' is not assignable to type 'ResolverSuccess<{ kategori_mdl: string; nama_barang: string; sub_kategori?: string | undefined; lokasi_ruangan?: string | undefined; kode_barang?: string | undefined; spesifikasi_dan_material?: string | undefined; ... 10 more ...; link_gambar_kerja?: string | undefined; }>'.
              Type 'TFieldValues' is not assignable to type '{ kategori_mdl: string; nama_barang: string; sub_kategori?: string | undefined; lokasi_ruangan?: string | undefined; kode_barang?: string | undefined; spesifikasi_dan_material?: string | undefined; ... 10 more ...; link_gambar_kerja?: string | undefined; }'.
                Type 'FieldValues' is missing the following properties from type '{ kategori_mdl: string; nama_barang: string; sub_kategori?: string | undefined; lokasi_ruangan?: string | undefined; kode_barang?: string | undefined; spesifikasi_dan_material?: string | undefined; ... 10 more ...; link_gambar_kerja?: string | undefined; }': kategori_mdl, nama_barang
src/features/mdl/components/mdl-form-modal.tsx(421,45): error TS2322: Type 'Control<{ kategori_mdl: string; nama_barang: string; sub_kategori?: string | undefined; lokasi_ruangan?: string | undefined; kode_barang?: string | undefined; spesifikasi_dan_material?: string | undefined; ... 10 more ...; link_gambar_kerja?: string | undefined; }, any, TFieldValues>' is not assignable to type 'Control<{ kategori_mdl: string; nama_barang: string; sub_kategori?: string | undefined; lokasi_ruangan?: string | undefined; kode_barang?: string | undefined; spesifikasi_dan_material?: string | undefined; ... 10 more ...; link_gambar_kerja?: string | undefined; }, any, { ...; }>'.
  The types of '_options.resolver' are incompatible between these types.
    Type 'Resolver<{ kategori_mdl: string; nama_barang: string; sub_kategori?: string | undefined; lokasi_ruangan?: string | undefined; kode_barang?: string | undefined; spesifikasi_dan_material?: string | undefined; ... 10 more ...; link_gambar_kerja?: string | undefined; }, any, TFieldValues> | undefined' is not assignable to type 'Resolver<{ kategori_mdl: string; nama_barang: string; sub_kategori?: string | undefined; lokasi_ruangan?: string | undefined; kode_barang?: string | undefined; spesifikasi_dan_material?: string | undefined; ... 10 more ...; link_gambar_kerja?: string | undefined; }, any, { ...; }> | undefined'.
      Type 'Resolver<{ kategori_mdl: string; nama_barang: string; sub_kategori?: string | undefined; lokasi_ruangan?: string | undefined; kode_barang?: string | undefined; spesifikasi_dan_material?: string | undefined; ... 10 more ...; link_gambar_kerja?: string | undefined; }, any, TFieldValues>' is not assignable to type 'Resolver<{ kategori_mdl: string; nama_barang: string; sub_kategori?: string | undefined; lokasi_ruangan?: string | undefined; kode_barang?: string | undefined; spesifikasi_dan_material?: string | undefined; ... 10 more ...; link_gambar_kerja?: string | undefined; }, any, { ...; }>'.
        Type 'ResolverResult<{ kategori_mdl: string; nama_barang: string; sub_kategori?: string | undefined; lokasi_ruangan?: string | undefined; kode_barang?: string | undefined; spesifikasi_dan_material?: string | undefined; ... 10 more ...; link_gambar_kerja?: string | undefined; }, TFieldValues> | Promise<...>' is not assignable to type 'ResolverResult<{ kategori_mdl: string; nama_barang: string; sub_kategori?: string | undefined; lokasi_ruangan?: string | undefined; kode_barang?: string | undefined; spesifikasi_dan_material?: string | undefined; ... 10 more ...; link_gambar_kerja?: string | undefined; }, { ...; }> | Promise<...>'.
          Type 'ResolverSuccess<TFieldValues>' is not assignable to type 'ResolverResult<{ kategori_mdl: string; nama_barang: string; sub_kategori?: string | undefined; lokasi_ruangan?: string | undefined; kode_barang?: string | undefined; spesifikasi_dan_material?: string | undefined; ... 10 more ...; link_gambar_kerja?: string | undefined; }, { ...; }> | Promise<...>'.
            Type 'ResolverSuccess<TFieldValues>' is not assignable to type 'ResolverSuccess<{ kategori_mdl: string; nama_barang: string; sub_kategori?: string | undefined; lokasi_ruangan?: string | undefined; kode_barang?: string | undefined; spesifikasi_dan_material?: string | undefined; ... 10 more ...; link_gambar_kerja?: string | undefined; }>'.
              Type 'TFieldValues' is not assignable to type '{ kategori_mdl: string; nama_barang: string; sub_kategori?: string | undefined; lokasi_ruangan?: string | undefined; kode_barang?: string | undefined; spesifikasi_dan_material?: string | undefined; ... 10 more ...; link_gambar_kerja?: string | undefined; }'.
                Type 'FieldValues' is missing the following properties from type '{ kategori_mdl: string; nama_barang: string; sub_kategori?: string | undefined; lokasi_ruangan?: string | undefined; kode_barang?: string | undefined; spesifikasi_dan_material?: string | undefined; ... 10 more ...; link_gambar_kerja?: string | undefined; }': kategori_mdl, nama_barang
src/features/projects/components/sph/sph-table.tsx(57,14): error TS2786: 'SortableContext' cannot be used as a JSX component.
  Its type '({ children, id, items: userDefinedItems, strategy, disabled: disabledProp, }: Props) => Element' is not a valid JSX element type.
    Type '({ children, id, items: userDefinedItems, strategy, disabled: disabledProp, }: Props) => Element' is not assignable to type '(props: any) => ReactNode | Promise<ReactNode>'.
      Type 'Element' is not assignable to type 'ReactNode | Promise<ReactNode>'.
        Property 'children' is missing in type 'ReactElement<any, any>' but required in type 'ReactPortal'.
